main.c:95:6:SetSymbol	16	static
main.c:101:6:FloatIntTranslation	32	static
main.c:119:6:Symbol	8	static
main.c:143:9:sqrt1	24	static
main.c:163:7:CalculateRMS	40	static
main.c:173:6:HAL_TIM_PeriodElapsedCallback	16	static
main.c:184:6:HAL_ADC_ConvCpltCallback	16	static
main.c:192:10:countPeriods	24	static
main.c:218:6:ChangeTIM3Prescaler	16	static
main.c:238:5:main	16	static
main.c:322:6:SystemClock_Config	88	static
main.c:365:13:MX_ADC1_Init	24	static
main.c:410:13:MX_TIM2_Init	32	static
main.c:455:13:MX_TIM3_Init	32	static
main.c:498:13:MX_DMA_Init	16	static
main.c:516:13:MX_GPIO_Init	32	static
main.c:553:6:Error_Handler	4	static,ignoring_inline_asm
